// Jest Snapshot v1, https://goo.gl/fbAQLP

exports[`Header render Should match Header component snapshot 1`] = `
ShallowWrapper {
  Symbol(enzyme.__root__): [Circular],
  Symbol(enzyme.__unrendered__): <Header />,
  Symbol(enzyme.__renderer__): Object {
    "batchedUpdates": [Function],
    "checkPropTypes": [Function],
    "getNode": [Function],
    "render": [Function],
    "simulateError": [Function],
    "simulateEvent": [Function],
    "unmount": [Function],
  },
  Symbol(enzyme.__node__): Object {
    "instance": null,
    "key": undefined,
    "nodeType": "function",
    "props": Object {
      "children": <Container
        tag="div"
      >
        <Link
          className="logoLink"
          replace={false}
          to="/"
        >
          <img
            alt="Logo"
            src="boxer-header.png"
          />
          <span
            className="logo"
          >
            ShadowCam
          </span>
        </Link>
        <NavbarToggler
          onClick={[Function]}
          tag="button"
          type="button"
        />
        <Collapse
          appear={false}
          enter={true}
          exit={true}
          in={false}
          isOpen={false}
          mountOnEnter={false}
          navbar={true}
          onEnter={[Function]}
          onEntered={[Function]}
          onEntering={[Function]}
          onExit={[Function]}
          onExited={[Function]}
          onExiting={[Function]}
          tag="div"
          timeout={350}
          unmountOnExit={false}
        >
          <Nav
            className="menuItems"
            navbar={true}
            tag="ul"
            vertical={false}
          >
            <NavItem
              className="menuItem"
              tag="li"
            />
            <NavItem
              className="menuItem"
              tag="li"
            />
            <Link
              replace={false}
              to="/account/login"
            >
              <Button
                color="secondary"
                tag="button"
              >
                Login
              </Button>
            </Link>
          </Nav>
        </Collapse>
      </Container>,
      "className": "headerContainer",
      "color": "dark",
      "dark": true,
      "expand": "md",
      "tag": "nav",
    },
    "ref": null,
    "rendered": Object {
      "instance": null,
      "key": undefined,
      "nodeType": "function",
      "props": Object {
        "children": Array [
          <Link
            className="logoLink"
            replace={false}
            to="/"
          >
            <img
              alt="Logo"
              src="boxer-header.png"
            />
            <span
              className="logo"
            >
              ShadowCam
            </span>
          </Link>,
          <NavbarToggler
            onClick={[Function]}
            tag="button"
            type="button"
          />,
          <Collapse
            appear={false}
            enter={true}
            exit={true}
            in={false}
            isOpen={false}
            mountOnEnter={false}
            navbar={true}
            onEnter={[Function]}
            onEntered={[Function]}
            onEntering={[Function]}
            onExit={[Function]}
            onExited={[Function]}
            onExiting={[Function]}
            tag="div"
            timeout={350}
            unmountOnExit={false}
          >
            <Nav
              className="menuItems"
              navbar={true}
              tag="ul"
              vertical={false}
            >
              <NavItem
                className="menuItem"
                tag="li"
              />
              <NavItem
                className="menuItem"
                tag="li"
              />
              <Link
                replace={false}
                to="/account/login"
              >
                <Button
                  color="secondary"
                  tag="button"
                >
                  Login
                </Button>
              </Link>
            </Nav>
          </Collapse>,
        ],
        "tag": "div",
      },
      "ref": null,
      "rendered": Array [
        Object {
          "instance": null,
          "key": undefined,
          "nodeType": "class",
          "props": Object {
            "children": Array [
              <img
                alt="Logo"
                src="boxer-header.png"
              />,
              <span
                className="logo"
              >
                ShadowCam
              </span>,
            ],
            "className": "logoLink",
            "replace": false,
            "to": "/",
          },
          "ref": null,
          "rendered": Array [
            Object {
              "instance": null,
              "key": undefined,
              "nodeType": "host",
              "props": Object {
                "alt": "Logo",
                "src": "boxer-header.png",
              },
              "ref": null,
              "rendered": null,
              "type": "img",
            },
            Object {
              "instance": null,
              "key": undefined,
              "nodeType": "host",
              "props": Object {
                "children": "ShadowCam",
                "className": "logo",
              },
              "ref": null,
              "rendered": "ShadowCam",
              "type": "span",
            },
          ],
          "type": [Function],
        },
        Object {
          "instance": null,
          "key": undefined,
          "nodeType": "function",
          "props": Object {
            "onClick": [Function],
            "tag": "button",
            "type": "button",
          },
          "ref": null,
          "rendered": null,
          "type": [Function],
        },
        Object {
          "instance": null,
          "key": undefined,
          "nodeType": "class",
          "props": Object {
            "appear": false,
            "children": <Nav
              className="menuItems"
              navbar={true}
              tag="ul"
              vertical={false}
            >
              <NavItem
                className="menuItem"
                tag="li"
              />
              <NavItem
                className="menuItem"
                tag="li"
              />
              <Link
                replace={false}
                to="/account/login"
              >
                <Button
                  color="secondary"
                  tag="button"
                >
                  Login
                </Button>
              </Link>
            </Nav>,
            "enter": true,
            "exit": true,
            "in": false,
            "isOpen": false,
            "mountOnEnter": false,
            "navbar": true,
            "onEnter": [Function],
            "onEntered": [Function],
            "onEntering": [Function],
            "onExit": [Function],
            "onExited": [Function],
            "onExiting": [Function],
            "tag": "div",
            "timeout": 350,
            "unmountOnExit": false,
          },
          "ref": null,
          "rendered": Object {
            "instance": null,
            "key": undefined,
            "nodeType": "function",
            "props": Object {
              "children": Array [
                <NavItem
                  className="menuItem"
                  tag="li"
                />,
                <NavItem
                  className="menuItem"
                  tag="li"
                />,
                <Link
                  replace={false}
                  to="/account/login"
                >
                  <Button
                    color="secondary"
                    tag="button"
                  >
                    Login
                  </Button>
                </Link>,
              ],
              "className": "menuItems",
              "navbar": true,
              "tag": "ul",
              "vertical": false,
            },
            "ref": null,
            "rendered": Array [
              Object {
                "instance": null,
                "key": undefined,
                "nodeType": "function",
                "props": Object {
                  "children": undefined,
                  "className": "menuItem",
                  "tag": "li",
                },
                "ref": null,
                "rendered": null,
                "type": [Function],
              },
              Object {
                "instance": null,
                "key": undefined,
                "nodeType": "function",
                "props": Object {
                  "children": undefined,
                  "className": "menuItem",
                  "tag": "li",
                },
                "ref": null,
                "rendered": null,
                "type": [Function],
              },
              Object {
                "instance": null,
                "key": undefined,
                "nodeType": "class",
                "props": Object {
                  "children": <Button
                    color="secondary"
                    tag="button"
                  >
                    Login
                  </Button>,
                  "replace": false,
                  "to": "/account/login",
                },
                "ref": null,
                "rendered": Object {
                  "instance": null,
                  "key": undefined,
                  "nodeType": "class",
                  "props": Object {
                    "children": "Login",
                    "color": "secondary",
                    "tag": "button",
                  },
                  "ref": null,
                  "rendered": "Login",
                  "type": [Function],
                },
                "type": [Function],
              },
            ],
            "type": [Function],
          },
          "type": [Function],
        },
      ],
      "type": [Function],
    },
    "type": [Function],
  },
  Symbol(enzyme.__nodes__): Array [
    Object {
      "instance": null,
      "key": undefined,
      "nodeType": "function",
      "props": Object {
        "children": <Container
          tag="div"
        >
          <Link
            className="logoLink"
            replace={false}
            to="/"
          >
            <img
              alt="Logo"
              src="boxer-header.png"
            />
            <span
              className="logo"
            >
              ShadowCam
            </span>
          </Link>
          <NavbarToggler
            onClick={[Function]}
            tag="button"
            type="button"
          />
          <Collapse
            appear={false}
            enter={true}
            exit={true}
            in={false}
            isOpen={false}
            mountOnEnter={false}
            navbar={true}
            onEnter={[Function]}
            onEntered={[Function]}
            onEntering={[Function]}
            onExit={[Function]}
            onExited={[Function]}
            onExiting={[Function]}
            tag="div"
            timeout={350}
            unmountOnExit={false}
          >
            <Nav
              className="menuItems"
              navbar={true}
              tag="ul"
              vertical={false}
            >
              <NavItem
                className="menuItem"
                tag="li"
              />
              <NavItem
                className="menuItem"
                tag="li"
              />
              <Link
                replace={false}
                to="/account/login"
              >
                <Button
                  color="secondary"
                  tag="button"
                >
                  Login
                </Button>
              </Link>
            </Nav>
          </Collapse>
        </Container>,
        "className": "headerContainer",
        "color": "dark",
        "dark": true,
        "expand": "md",
        "tag": "nav",
      },
      "ref": null,
      "rendered": Object {
        "instance": null,
        "key": undefined,
        "nodeType": "function",
        "props": Object {
          "children": Array [
            <Link
              className="logoLink"
              replace={false}
              to="/"
            >
              <img
                alt="Logo"
                src="boxer-header.png"
              />
              <span
                className="logo"
              >
                ShadowCam
              </span>
            </Link>,
            <NavbarToggler
              onClick={[Function]}
              tag="button"
              type="button"
            />,
            <Collapse
              appear={false}
              enter={true}
              exit={true}
              in={false}
              isOpen={false}
              mountOnEnter={false}
              navbar={true}
              onEnter={[Function]}
              onEntered={[Function]}
              onEntering={[Function]}
              onExit={[Function]}
              onExited={[Function]}
              onExiting={[Function]}
              tag="div"
              timeout={350}
              unmountOnExit={false}
            >
              <Nav
                className="menuItems"
                navbar={true}
                tag="ul"
                vertical={false}
              >
                <NavItem
                  className="menuItem"
                  tag="li"
                />
                <NavItem
                  className="menuItem"
                  tag="li"
                />
                <Link
                  replace={false}
                  to="/account/login"
                >
                  <Button
                    color="secondary"
                    tag="button"
                  >
                    Login
                  </Button>
                </Link>
              </Nav>
            </Collapse>,
          ],
          "tag": "div",
        },
        "ref": null,
        "rendered": Array [
          Object {
            "instance": null,
            "key": undefined,
            "nodeType": "class",
            "props": Object {
              "children": Array [
                <img
                  alt="Logo"
                  src="boxer-header.png"
                />,
                <span
                  className="logo"
                >
                  ShadowCam
                </span>,
              ],
              "className": "logoLink",
              "replace": false,
              "to": "/",
            },
            "ref": null,
            "rendered": Array [
              Object {
                "instance": null,
                "key": undefined,
                "nodeType": "host",
                "props": Object {
                  "alt": "Logo",
                  "src": "boxer-header.png",
                },
                "ref": null,
                "rendered": null,
                "type": "img",
              },
              Object {
                "instance": null,
                "key": undefined,
                "nodeType": "host",
                "props": Object {
                  "children": "ShadowCam",
                  "className": "logo",
                },
                "ref": null,
                "rendered": "ShadowCam",
                "type": "span",
              },
            ],
            "type": [Function],
          },
          Object {
            "instance": null,
            "key": undefined,
            "nodeType": "function",
            "props": Object {
              "onClick": [Function],
              "tag": "button",
              "type": "button",
            },
            "ref": null,
            "rendered": null,
            "type": [Function],
          },
          Object {
            "instance": null,
            "key": undefined,
            "nodeType": "class",
            "props": Object {
              "appear": false,
              "children": <Nav
                className="menuItems"
                navbar={true}
                tag="ul"
                vertical={false}
              >
                <NavItem
                  className="menuItem"
                  tag="li"
                />
                <NavItem
                  className="menuItem"
                  tag="li"
                />
                <Link
                  replace={false}
                  to="/account/login"
                >
                  <Button
                    color="secondary"
                    tag="button"
                  >
                    Login
                  </Button>
                </Link>
              </Nav>,
              "enter": true,
              "exit": true,
              "in": false,
              "isOpen": false,
              "mountOnEnter": false,
              "navbar": true,
              "onEnter": [Function],
              "onEntered": [Function],
              "onEntering": [Function],
              "onExit": [Function],
              "onExited": [Function],
              "onExiting": [Function],
              "tag": "div",
              "timeout": 350,
              "unmountOnExit": false,
            },
            "ref": null,
            "rendered": Object {
              "instance": null,
              "key": undefined,
              "nodeType": "function",
              "props": Object {
                "children": Array [
                  <NavItem
                    className="menuItem"
                    tag="li"
                  />,
                  <NavItem
                    className="menuItem"
                    tag="li"
                  />,
                  <Link
                    replace={false}
                    to="/account/login"
                  >
                    <Button
                      color="secondary"
                      tag="button"
                    >
                      Login
                    </Button>
                  </Link>,
                ],
                "className": "menuItems",
                "navbar": true,
                "tag": "ul",
                "vertical": false,
              },
              "ref": null,
              "rendered": Array [
                Object {
                  "instance": null,
                  "key": undefined,
                  "nodeType": "function",
                  "props": Object {
                    "children": undefined,
                    "className": "menuItem",
                    "tag": "li",
                  },
                  "ref": null,
                  "rendered": null,
                  "type": [Function],
                },
                Object {
                  "instance": null,
                  "key": undefined,
                  "nodeType": "function",
                  "props": Object {
                    "children": undefined,
                    "className": "menuItem",
                    "tag": "li",
                  },
                  "ref": null,
                  "rendered": null,
                  "type": [Function],
                },
                Object {
                  "instance": null,
                  "key": undefined,
                  "nodeType": "class",
                  "props": Object {
                    "children": <Button
                      color="secondary"
                      tag="button"
                    >
                      Login
                    </Button>,
                    "replace": false,
                    "to": "/account/login",
                  },
                  "ref": null,
                  "rendered": Object {
                    "instance": null,
                    "key": undefined,
                    "nodeType": "class",
                    "props": Object {
                      "children": "Login",
                      "color": "secondary",
                      "tag": "button",
                    },
                    "ref": null,
                    "rendered": "Login",
                    "type": [Function],
                  },
                  "type": [Function],
                },
              ],
              "type": [Function],
            },
            "type": [Function],
          },
        ],
        "type": [Function],
      },
      "type": [Function],
    },
  ],
  Symbol(enzyme.__options__): Object {
    "adapter": ReactSixteenAdapter {
      "options": Object {
        "enableComponentDidUpdateOnSetState": true,
        "legacyContextMode": "parent",
        "lifecycles": Object {
          "componentDidUpdate": Object {
            "onSetState": true,
          },
          "getChildContext": Object {
            "calledByRenderer": false,
          },
          "getDerivedStateFromProps": Object {
            "hasShouldComponentUpdateBug": false,
          },
          "getSnapshotBeforeUpdate": true,
          "setState": Object {
            "skipsComponentDidUpdateOnNullish": true,
          },
        },
      },
    },
  },
  Symbol(enzyme.__childContext__): null,
}
`;
